Reusing configuration cache.
> Task :app:preBuild UP-TO-DATE
> Task :app:generateDebugAssets UP-TO-DATE
> Task :app:preDebugBuild UP-TO-DATE
> Task :app:processDebugGoogleServices UP-TO-DATE
> Task :app:mergeDebugNativeDebugMetadata NO-SOURCE
> Task :app:generateDebugBuildConfig UP-TO-DATE
> Task :app:generateDebugResources UP-TO-DATE
> Task :app:javaPreCompileDebug UP-TO-DATE
> Task :app:packageDebugResources UP-TO-DATE
> Task :app:kspDebugKotlin UP-TO-DATE
> Task :app:checkDebugDuplicateClasses UP-TO-DATE
> Task :app:desugarDebugFileDependencies UP-TO-DATE
> Task :app:mergeLibDexDebug UP-TO-DATE
> Task :app:mergeExtDexDebug UP-TO-DATE
> Task :app:mergeDebugAssets UP-TO-DATE
> Task :app:checkDebugAarMetadata UP-TO-DATE
> Task :app:mapDebugSourceSetPaths UP-TO-DATE
> Task :app:compressDebugAssets UP-TO-DATE
> Task :app:createDebugCompatibleScreenManifests UP-TO-DATE
> Task :app:extractDeepLinksDebug UP-TO-DATE
> Task :app:mergeDebugJniLibFolders UP-TO-DATE
> Task :app:processDebugMainManifest UP-TO-DATE
> Task :app:mergeDebugNativeLibs UP-TO-DATE
> Task :app:mergeDebugResources UP-TO-DATE
> Task :app:processDebugManifest UP-TO-DATE
> Task :app:validateSigningDebug UP-TO-DATE
> Task :app:stripDebugDebugSymbols UP-TO-DATE
> Task :app:processDebugManifestForPackage UP-TO-DATE
> Task :app:writeDebugAppMetadata UP-TO-DATE
> Task :app:writeDebugSigningConfigVersions UP-TO-DATE
> Task :app:processDebugNavigationResources UP-TO-DATE
> Task :app:parseDebugLocalResources UP-TO-DATE
> Task :app:compileDebugNavigationResources UP-TO-DATE
> Task :app:generateDebugRFile UP-TO-DATE
> Task :app:processDebugResources UP-TO-DATE
> Task :app:compileDebugKotlin
e: file:///app/applet/app/src/main/java/com/example/CalculatorScreen.kt:8530:94 Unresolved reference 'KeyboardArrowDown'.
e: file:///app/applet/app/src/main/java/com/example/CalculatorScreen.kt:8530:131 Unresolved reference 'KeyboardArrowUp'.
e: file:///app/applet/app/src/main/java/com/example/SecureDocumentViewer.kt:172:13 Unresolved reference 'AnimatedVisibility'.
e: file:///app/applet/app/src/main/java/com/example/SecureDocumentViewer.kt:177:17 @Composable invocations can only happen from the context of a @Composable function
e: file:///app/applet/app/src/main/java/com/example/SecureDocumentViewer.kt:229:90 Unresolved reference 'Search'.
e: file:///app/applet/app/src/main/java/com/example/SecureDocumentViewer.kt:268:84 Unresolved reference 'Close'.
e: file:///app/applet/app/src/main/java/com/example/SecureDocumentViewer.kt:411:40 Unresolved reference 'Close'.

> Task :app:compileDebugKotlin FAILED

FAILURE: Build failed with an exception.

* What went wrong:
Execution failed for task ':app:compileDebugKotlin'.
> A failure occurred while executing org.jetbrains.kotlin.compilerRunner.GradleCompilerRunnerWithWorkers$GradleKotlinCompilerWorkAction
   > Compilation error. See log for more details

* Try:
> Run with --stacktrace option to get the stack trace.
> Run with --info or --debug option to get more log output.
> Run with --scan to get full insights from a Build Scan (powered by Develocity).
> Get more help at https://help.gradle.org.

BUILD FAILED in 35s
32 actionable tasks: 1 executed, 31 up-to-date
Configuration cache entry reused.
